2026-08-10 11:26:47,781 - INFO - 🔐 启动登录脚本：/app/scripts/login.py
2026-08-10 11:26:48,616 - INFO - 🚀 仓库任务调度器启动...
2026-08-10 11:26:48,616 - INFO - 🎯 数据库服务器: ubuntu-180:13306
2026-08-10 11:26:48,616 - INFO - 🎯 接口服务器: http://ubuntu-180:9990/dispatch_server/dispatch/start/location_call/task/
2026-08-10 11:26:48,616 - INFO - 🎯 Scene ID: 68
2026-08-10 11:26:48,616 - INFO - 🔍 仓库规则配置:
2026-08-10 11:26:48,616 - INFO - 
  103仓库:
2026-08-10 11:26:48,616 - INFO -     取货区域: 1103
2026-08-10 11:26:48,616 - INFO -     放货区域数量: 26个
2026-08-10 11:26:48,616 - INFO -     放货区域示例: ['1003', '1006', '1016', '1018', '1023']...
2026-08-10 11:26:48,617 - INFO - 
  102仓库:
2026-08-10 11:26:48,617 - INFO -     取货区域: 1103
2026-08-10 11:26:48,617 - INFO -     放货区域数量: 19个
2026-08-10 11:26:48,617 - INFO -     放货区域示例: ['1015', '1020', '1041', '1042', '1026']...
2026-08-10 11:26:48,617 - INFO - 
  101仓库:
2026-08-10 11:26:48,617 - INFO -     取货区域: 101Q
2026-08-10 11:26:48,617 - INFO -     放货区域数量: 24个
2026-08-10 11:26:48,617 - INFO -     放货区域示例: ['1001', '1009', '1010/1011', '1013', '1014']...
2026-08-10 11:26:48,617 - INFO - 
🎲 仓库选择权重:
2026-08-10 11:26:48,617 - INFO -   103仓库: 33.3%
2026-08-10 11:26:48,617 - INFO -   102仓库: 33.3%
2026-08-10 11:26:48,617 - INFO -   101仓库: 33.4%
2026-08-10 11:26:48,617 - INFO - 🔍 测试连接...
2026-08-10 11:26:48,743 - INFO -   103仓库取货区域(1103)可用库位数量: 72
2026-08-10 11:26:48,753 - INFO -   102仓库取货区域(1103)可用库位数量: 72
2026-08-10 11:26:48,789 - INFO -   101仓库取货区域(101Q)可用库位数量: 21
2026-08-10 11:26:48,789 - INFO - 🔍 测试接口连接...
2026-08-10 11:26:48,841 - INFO - 📥 接口测试响应状态码: 200
2026-08-10 11:26:48,841 - INFO - ✅ 接口连接测试成功!
2026-08-10 11:26:48,843 - INFO - 🔁 释放库位请求URL: http://ubuntu-180:9990/location_manage_server/locations/release_location/all/
2026-08-10 11:26:48,843 - INFO - 🔁 释放库位参数: {"is_all": false}
2026-08-10 11:26:48,906 - INFO - 🔁 释放库位响应状态码: 200
2026-08-10 11:26:48,907 - INFO - 🕒 已启用库位释放，每 1800 秒执行一次
2026-08-10 11:26:48,907 - INFO - 
📦 准备发送第 1 个任务...
2026-08-10 11:26:49,001 - INFO - 🏭 选中仓库: 102 (权重:33.3%)
2026-08-10 11:26:49,057 - INFO - 📍 取货库位: ID=pp_6ef1212e, 区域=1103
2026-08-10 11:26:49,058 - INFO - 🏠 放货区域: 1076
2026-08-10 11:26:49,059 - INFO - 📤 PUT请求URL: http://ubuntu-180:9990/dispatch_server/dispatch/start/location_call/task/
2026-08-10 11:26:49,059 - INFO - 📤 PUT请求参数: {"1": 1, "location_id": "pp_6ef1212e", "area": "1076"}
2026-08-10 11:26:49,112 - INFO - 📥 响应状态码: 200
2026-08-10 11:26:49,113 - INFO - ✅ 任务发送成功! 响应: {"success":false,"data":null,"msg":{"type":"warning","detail":{"detail":"","dev_info":"null","error_id":50361015,"info":"","system_log_info":"","timestamp":1786332409}}}
2026-08-10 11:26:49,170 - INFO - 📋 任务详情: 取货库位=pp_6ef1212e(区域:1103) → 放货区域=1076
2026-08-10 11:26:49,171 - INFO - ⏳ 等待30秒后发送下一个任务...
2026-08-10 11:27:19,171 - INFO - 
📦 准备发送第 2 个任务...
2026-08-10 11:27:19,330 - INFO - 🏭 选中仓库: 103 (权重:33.3%)
2026-08-10 11:27:19,488 - INFO - 📍 取货库位: ID=pp_6eb967c7, 区域=1103
2026-08-10 11:27:19,490 - INFO - 🏠 放货区域: 1080
2026-08-10 11:27:19,491 - INFO - 📤 PUT请求URL: http://ubuntu-180:9990/dispatch_server/dispatch/start/location_call/task/
2026-08-10 11:27:19,491 - INFO - 📤 PUT请求参数: {"1": 1, "location_id": "pp_6eb967c7", "area": "1080"}
2026-08-10 11:27:19,556 - INFO - 📥 响应状态码: 200
2026-08-10 11:27:19,557 - INFO - ✅ 任务发送成功! 响应: {"success":false,"data":null,"msg":{"type":"warning","detail":{"detail":"","dev_info":"null","error_id":50361015,"info":"","system_log_info":"","timestamp":1786332439}}}
2026-08-10 11:27:19,898 - INFO - 📋 任务详情: 取货库位=pp_6eb967c7(区域:1103) → 放货区域=1080
2026-08-10 11:27:19,900 - INFO - ⏳ 等待30秒后发送下一个任务...
2026-08-10 11:27:49,900 - INFO - 
📦 准备发送第 3 个任务...
2026-08-10 11:27:50,177 - INFO - 🏭 选中仓库: 102 (权重:33.3%)
2026-08-10 11:27:50,283 - INFO - 📍 取货库位: ID=pp_6e9f01a1, 区域=1103
2026-08-10 11:27:50,284 - INFO - 🏠 放货区域: 1050
2026-08-10 11:27:50,284 - INFO - 📤 PUT请求URL: http://ubuntu-180:9990/dispatch_server/dispatch/start/location_call/task/
2026-08-10 11:27:50,284 - INFO - 📤 PUT请求参数: {"1": 1, "location_id": "pp_6e9f01a1", "area": "1050"}
2026-08-10 11:27:50,304 - INFO - 📥 响应状态码: 200
2026-08-10 11:27:50,304 - INFO - ✅ 任务发送成功! 响应: {"success":false,"data":null,"msg":{"type":"warning","detail":{"detail":"","dev_info":"null","error_id":50361015,"info":"","system_log_info":"","timestamp":1786332470}}}
2026-08-10 11:27:50,472 - INFO - 📋 任务详情: 取货库位=pp_6e9f01a1(区域:1103) → 放货区域=1050
2026-08-10 11:27:50,472 - INFO - ⏳ 等待30秒后发送下一个任务...
2026-08-10 11:28:20,473 - INFO - 
📦 准备发送第 4 个任务...
2026-08-10 11:28:20,579 - INFO - 🏭 选中仓库: 103 (权重:33.3%)
2026-08-10 11:28:20,718 - INFO - 📍 取货库位: ID=pp_6c4816f9, 区域=1103
2026-08-10 11:28:20,718 - INFO - 🏠 放货区域: 1028
2026-08-10 11:28:20,719 - INFO - 📤 PUT请求URL: http://ubuntu-180:9990/dispatch_server/dispatch/start/location_call/task/
2026-08-10 11:28:20,719 - INFO - 📤 PUT请求参数: {"1": 1, "location_id": "pp_6c4816f9", "area": "1028"}
2026-08-10 11:28:20,836 - INFO - 📥 响应状态码: 200
2026-08-10 11:28:20,837 - INFO - ✅ 任务发送成功! 响应: {"success":false,"data":null,"msg":{"type":"warning","detail":{"detail":"","dev_info":"null","error_id":50361015,"info":"","system_log_info":"","timestamp":1786332500}}}
2026-08-10 11:28:20,982 - INFO - 📋 任务详情: 取货库位=pp_6c4816f9(区域:1103) → 放货区域=1028
2026-08-10 11:28:20,983 - INFO - ⏳ 等待30秒后发送下一个任务...
2026-08-10 11:28:50,983 - INFO - 
📦 准备发送第 5 个任务...
2026-08-10 11:28:51,125 - INFO - 🏭 选中仓库: 101 (权重:33.4%)
2026-08-10 11:28:51,242 - INFO - 📍 取货库位: ID=pp_6dff47c5, 区域=101Q
2026-08-10 11:28:51,243 - INFO - 🏠 放货区域: 1039
2026-08-10 11:28:51,243 - INFO - 📤 PUT请求URL: http://ubuntu-180:9990/dispatch_server/dispatch/start/location_call/task/
2026-08-10 11:28:51,243 - INFO - 📤 PUT请求参数: {"1": 1, "location_id": "pp_6dff47c5", "area": "1039"}
2026-08-10 11:28:51,273 - INFO - 📥 响应状态码: 200
2026-08-10 11:28:51,273 - INFO - ✅ 任务发送成功! 响应: {"success":false,"data":null,"msg":{"type":"warning","detail":{"detail":"","dev_info":"null","error_id":50361015,"info":"","system_log_info":"","timestamp":1786332531}}}
2026-08-10 11:28:51,329 - INFO - 📋 任务详情: 取货库位=pp_6dff47c5(区域:101Q) → 放货区域=1039
2026-08-10 11:28:51,330 - INFO - ⏳ 等待30秒后发送下一个任务...
2026-08-10 11:29:21,330 - INFO - 
📦 准备发送第 6 个任务...
2026-08-10 11:29:21,503 - INFO - 🏭 选中仓库: 103 (权重:33.3%)
2026-08-10 11:29:21,677 - INFO - 📍 取货库位: ID=pp_6b5abc55, 区域=1103
2026-08-10 11:29:21,679 - INFO - 🏠 放货区域: 1003
2026-08-10 11:29:21,679 - INFO - 📤 PUT请求URL: http://ubuntu-180:9990/dispatch_server/dispatch/start/location_call/task/
2026-08-10 11:29:21,680 - INFO - 📤 PUT请求参数: {"1": 1, "location_id": "pp_6b5abc55", "area": "1003"}
2026-08-10 11:29:21,732 - INFO - 📥 响应状态码: 200
2026-08-10 11:29:21,732 - INFO - ✅ 任务发送成功! 响应: {"success":false,"data":null,"msg":{"type":"warning","detail":{"detail":"","dev_info":"null","error_id":50361015,"info":"","system_log_info":"","timestamp":1786332561}}}
2026-08-10 11:29:21,945 - INFO - 📋 任务详情: 取货库位=pp_6b5abc55(区域:1103) → 放货区域=1003
2026-08-10 11:29:21,947 - INFO - ⏳ 等待30秒后发送下一个任务...
2026-08-10 11:29:51,947 - INFO - 
📦 准备发送第 7 个任务...
2026-08-10 11:29:52,218 - INFO - 🏭 选中仓库: 103 (权重:33.3%)
2026-08-10 11:29:52,301 - INFO - 📍 取货库位: ID=pp_6be3f459, 区域=1103
2026-08-10 11:29:52,301 - INFO - 🏠 放货区域: 1029
2026-08-10 11:29:52,301 - INFO - 📤 PUT请求URL: http://ubuntu-180:9990/dispatch_server/dispatch/start/location_call/task/
2026-08-10 11:29:52,301 - INFO - 📤 PUT请求参数: {"1": 1, "location_id": "pp_6be3f459", "area": "1029"}
2026-08-10 11:29:52,345 - INFO - 📥 响应状态码: 200
2026-08-10 11:29:52,345 - INFO - ✅ 任务发送成功! 响应: {"success":false,"data":null,"msg":{"type":"warning","detail":{"detail":"","dev_info":"null","error_id":50361015,"info":"","system_log_info":"","timestamp":1786332592}}}
2026-08-10 11:29:52,452 - INFO - 📋 任务详情: 取货库位=pp_6be3f459(区域:1103) → 放货区域=1029
2026-08-10 11:29:52,453 - INFO - ⏳ 等待30秒后发送下一个任务...
2026-08-10 11:30:22,453 - INFO - 
📦 准备发送第 8 个任务...
2026-08-10 11:30:22,537 - INFO - 🏭 选中仓库: 102 (权重:33.3%)
2026-08-10 11:30:22,644 - INFO - 📍 取货库位: ID=pp_6a79b6e8, 区域=1103
2026-08-10 11:30:22,645 - INFO - 🏠 放货区域: 1048
2026-08-10 11:30:22,646 - INFO - 📤 PUT请求URL: http://ubuntu-180:9990/dispatch_server/dispatch/start/location_call/task/
2026-08-10 11:30:22,646 - INFO - 📤 PUT请求参数: {"1": 1, "location_id": "pp_6a79b6e8", "area": "1048"}
2026-08-10 11:30:22,674 - INFO - 📥 响应状态码: 200
2026-08-10 11:30:22,674 - INFO - ✅ 任务发送成功! 响应: {"success":false,"data":null,"msg":{"type":"warning","detail":{"detail":"","dev_info":"null","error_id":50361015,"info":"","system_log_info":"","timestamp":1786332622}}}
2026-08-10 11:30:22,776 - INFO - 📋 任务详情: 取货库位=pp_6a79b6e8(区域:1103) → 放货区域=1048
2026-08-10 11:30:22,777 - INFO - ⏳ 等待30秒后发送下一个任务...
2026-08-10 11:30:52,777 - INFO - 
📦 准备发送第 9 个任务...
2026-08-10 11:30:52,917 - INFO - 🏭 选中仓库: 101 (权重:33.4%)
2026-08-10 11:30:53,290 - INFO - 📍 取货库位: ID=pp_6f2ce33c, 区域=101Q
2026-08-10 11:30:53,292 - INFO - 🏠 放货区域: 1046
2026-08-10 11:30:53,292 - INFO - 📤 PUT请求URL: http://ubuntu-180:9990/dispatch_server/dispatch/start/location_call/task/
2026-08-10 11:30:53,292 - INFO - 📤 PUT请求参数: {"1": 1, "location_id": "pp_6f2ce33c", "area": "1046"}
2026-08-10 11:30:53,330 - INFO - 📥 响应状态码: 200
2026-08-10 11:30:53,330 - INFO - ✅ 任务发送成功! 响应: {"success":false,"data":null,"msg":{"type":"warning","detail":{"detail":"","dev_info":"null","error_id":50361015,"info":"","system_log_info":"","timestamp":1786332653}}}
2026-08-10 11:30:53,452 - INFO - 📋 任务详情: 取货库位=pp_6f2ce33c(区域:101Q) → 放货区域=1046
2026-08-10 11:30:53,455 - INFO - ⏳ 等待30秒后发送下一个任务...
2026-08-10 11:31:23,456 - INFO - 
📦 准备发送第 10 个任务...
2026-08-10 11:31:23,616 - INFO - 🏭 选中仓库: 103 (权重:33.3%)
2026-08-10 11:31:23,767 - INFO - 📍 取货库位: ID=pp_6cf3be13, 区域=1103
2026-08-10 11:31:23,769 - INFO - 🏠 放货区域: 1029
2026-08-10 11:31:23,770 - INFO - 📤 PUT请求URL: http://ubuntu-180:9990/dispatch_server/dispatch/start/location_call/task/
2026-08-10 11:31:23,770 - INFO - 📤 PUT请求参数: {"1": 1, "location_id": "pp_6cf3be13", "area": "1029"}
2026-08-10 11:31:23,805 - INFO - 📥 响应状态码: 200
2026-08-10 11:31:23,806 - INFO - ✅ 任务发送成功! 响应: {"success":false,"data":null,"msg":{"type":"warning","detail":{"detail":"","dev_info":"null","error_id":50361015,"info":"","system_log_info":"","timestamp":1786332683}}}
2026-08-10 11:31:23,937 - INFO - 📋 任务详情: 取货库位=pp_6cf3be13(区域:1103) → 放货区域=1029
2026-08-10 11:31:23,939 - INFO - 📊 仓库任务统计信息:
2026-08-10 11:31:23,940 - INFO -    总任务数: 10
2026-08-10 11:31:23,940 - INFO -    103仓库任务: 5 (50.0%)
2026-08-10 11:31:23,941 - INFO -    102仓库任务: 3 (30.0%)
2026-08-10 11:31:23,941 - INFO -    101仓库任务: 2 (20.0%)
2026-08-10 11:31:23,941 - INFO - 🎯 权重分布对比:
2026-08-10 11:31:23,942 - INFO -    预期权重: 103=33.3%, 102=33.3%, 101=33.4%
2026-08-10 11:31:23,942 - INFO - ⏳ 等待30秒后发送下一个任务...
2026-08-10 11:31:53,942 - INFO - 
📦 准备发送第 11 个任务...
2026-08-10 11:31:54,279 - INFO - 🏭 选中仓库: 103 (权重:33.3%)
2026-08-10 11:31:54,394 - INFO - 📍 取货库位: ID=pp_6dc2a90e, 区域=1103
2026-08-10 11:31:54,394 - INFO - 🏠 放货区域: 1067
2026-08-10 11:31:54,394 - INFO - 📤 PUT请求URL: http://ubuntu-180:9990/dispatch_server/dispatch/start/location_call/task/
2026-08-10 11:31:54,394 - INFO - 📤 PUT请求参数: {"1": 1, "location_id": "pp_6dc2a90e", "area": "1067"}
2026-08-10 11:31:54,411 - INFO - 📥 响应状态码: 200
2026-08-10 11:31:54,411 - INFO - ✅ 任务发送成功! 响应: {"success":false,"data":null,"msg":{"type":"warning","detail":{"detail":"","dev_info":"null","error_id":50361015,"info":"","system_log_info":"","timestamp":1786332714}}}
2026-08-10 11:31:54,481 - INFO - 📋 任务详情: 取货库位=pp_6dc2a90e(区域:1103) → 放货区域=1067
2026-08-10 11:31:54,482 - INFO - ⏳ 等待30秒后发送下一个任务...
2026-08-10 11:32:24,482 - INFO - 
📦 准备发送第 12 个任务...
2026-08-10 11:32:24,571 - INFO - 🏭 选中仓库: 103 (权重:33.3%)
2026-08-10 11:32:24,637 - INFO - 📍 取货库位: ID=pp_6af38b12, 区域=1103
2026-08-10 11:32:24,637 - INFO - 🏠 放货区域: 1075
2026-08-10 11:32:24,637 - INFO - 📤 PUT请求URL: http://ubuntu-180:9990/dispatch_server/dispatch/start/location_call/task/
2026-08-10 11:32:24,638 - INFO - 📤 PUT请求参数: {"1": 1, "location_id": "pp_6af38b12", "area": "1075"}
2026-08-10 11:32:24,666 - INFO - 📥 响应状态码: 200
2026-08-10 11:32:24,666 - INFO - ✅ 任务发送成功! 响应: {"success":false,"data":null,"msg":{"type":"warning","detail":{"detail":"","dev_info":"null","error_id":50361015,"info":"","system_log_info":"","timestamp":1786332744}}}
2026-08-10 11:32:24,765 - INFO - 📋 任务详情: 取货库位=pp_6af38b12(区域:1103) → 放货区域=1075
2026-08-10 11:32:24,766 - INFO - ⏳ 等待30秒后发送下一个任务...
2026-08-10 11:32:54,767 - INFO - 
📦 准备发送第 13 个任务...
2026-08-10 11:32:54,899 - INFO - 🏭 选中仓库: 101 (权重:33.4%)
2026-08-10 11:32:55,026 - INFO - 📍 取货库位: ID=pp_6c83f5ff, 区域=101Q
2026-08-10 11:32:55,028 - INFO - 🏠 放货区域: 1027
2026-08-10 11:32:55,029 - INFO - 📤 PUT请求URL: http://ubuntu-180:9990/dispatch_server/dispatch/start/location_call/task/
2026-08-10 11:32:55,029 - INFO - 📤 PUT请求参数: {"1": 1, "location_id": "pp_6c83f5ff", "area": "1027"}
2026-08-10 11:32:55,063 - INFO - 📥 响应状态码: 200
2026-08-10 11:32:55,064 - INFO - ✅ 任务发送成功! 响应: {"success":false,"data":null,"msg":{"type":"warning","detail":{"detail":"","dev_info":"null","error_id":50361015,"info":"","system_log_info":"","timestamp":1786332775}}}
2026-08-10 11:32:55,365 - INFO - 📋 任务详情: 取货库位=pp_6c83f5ff(区域:101Q) → 放货区域=1027
2026-08-10 11:32:55,367 - INFO - ⏳ 等待30秒后发送下一个任务...
2026-08-10 11:33:25,368 - INFO - 
📦 准备发送第 14 个任务...
2026-08-10 11:33:25,544 - INFO - 🏭 选中仓库: 102 (权重:33.3%)
2026-08-10 11:33:25,704 - INFO - 📍 取货库位: ID=pp_6cd0ac9f, 区域=1103
2026-08-10 11:33:25,706 - INFO - 🏠 放货区域: 1042
2026-08-10 11:33:25,707 - INFO - 📤 PUT请求URL: http://ubuntu-180:9990/dispatch_server/dispatch/start/location_call/task/
2026-08-10 11:33:25,707 - INFO - 📤 PUT请求参数: {"1": 1, "location_id": "pp_6cd0ac9f", "area": "1042"}
2026-08-10 11:33:25,733 - INFO - 📥 响应状态码: 200
2026-08-10 11:33:25,734 - INFO - ✅ 任务发送成功! 响应: {"success":false,"data":null,"msg":{"type":"warning","detail":{"detail":"","dev_info":"null","error_id":50361015,"info":"","system_log_info":"","timestamp":1786332805}}}
2026-08-10 11:33:25,880 - INFO - 📋 任务详情: 取货库位=pp_6cd0ac9f(区域:1103) → 放货区域=1042
2026-08-10 11:33:25,889 - INFO - ⏳ 等待30秒后发送下一个任务...
2026-08-10 11:33:32,983 - INFO - 🛑 收到停止信号(15)，准备退出...
2026-08-10 11:33:32,984 - INFO - 🛑 已停止任务调度器
